// Jest Snapshot v1, https://goo.gl/fbAQLP

exports[`SearchForm renders 1`] = `
<form
  className=""
  onSubmit={[Function]}
>
  <div
    className="input-group"
  >
    <input
      className="form-control"
      id="searchName"
      name="searchName"
      onChange={[Function]}
      placeholder="Company Name"
      type="text"
      value=""
    />
    <button
      className="btn btn-primary"
      disabled={false}
      onClick={[Function]}
      type="submit"
    >
      <i
        className="bi bi-search"
      />
    </button>
  </div>
</form>
`;
